../Core/Src/main.c:101:6:updateDisplay	16	static
../Core/Src/main.c:202:5:main	8	static
../Core/Src/main.c:299:6:SystemClock_Config	88	static
../Core/Src/main.c:341:13:MX_ADC1_Init	8	static
../Core/Src/main.c:420:13:MX_USART2_UART_Init	8	static
../Core/Src/main.c:453:13:MX_USART3_UART_Init	8	static
../Core/Src/main.c:486:13:MX_GPIO_Init	40	static
../Core/Src/main.c:526:6:parqueo1	24	static
../Core/Src/main.c:536:6:parqueo2	24	static
../Core/Src/main.c:549:6:parqueo3	24	static
../Core/Src/main.c:561:6:parqueo4	24	static
../Core/Src/main.c:573:6:transmit_uart	24	static
../Core/Src/main.c:578:6:transmit_uart3	24	static
../Core/Src/main.c:583:6:HAL_ADC_ConvCpltCallback	16	static
../Core/Src/main.c:668:6:HAL_UART_RxCpltCallback	16	static
../Core/Src/main.c:704:6:Error_Handler	4	static,ignoring_inline_asm
