../Core/Src/main.c:120:6:updateDisplay	16	static
../Core/Src/main.c:221:5:main	32	static
../Core/Src/main.c:455:6:SystemClock_Config	88	static
../Core/Src/main.c:497:13:MX_ADC1_Init	24	static
../Core/Src/main.c:576:13:MX_I2C1_Init	8	static
../Core/Src/main.c:610:13:MX_USART2_UART_Init	8	static
../Core/Src/main.c:641:13:MX_DMA_Init	16	static
../Core/Src/main.c:659:13:MX_GPIO_Init	40	static
../Core/Src/main.c:699:6:parqueo1	24	static
../Core/Src/main.c:709:6:parqueo2	24	static
../Core/Src/main.c:722:6:parqueo3	24	static
../Core/Src/main.c:734:6:parqueo4	24	static
../Core/Src/main.c:746:6:transmit_uart	24	static
../Core/Src/main.c:751:6:HAL_ADC_ConvCpltCallback	16	static
../Core/Src/main.c:822:6:HAL_I2C_MasterRxCpltCallback	16	static
../Core/Src/main.c:829:6:HAL_I2C_MasterTxCpltCallback	16	static
../Core/Src/main.c:842:6:Error_Handler	4	static,ignoring_inline_asm
